<testsuites name="results">
  <testsuite name="all" package="all">
    <property name="random_seed" value="1740638366" />
    <testcase name="test_hyperbus" classname="test" file="/home/bavitha/Desktop/dyumnin/cocotbext_hyperbus/tests/test.py" lineno="8" time="0.002026796340942383" sim_time_ns="200.001" ratio_time="98678.39010751677">
      <failure message="Test failed with RANDOM_SEED=1740638366" />
    </testcase>
  </testsuite>
</testsuites>
